../Core/Src/main.c:73:6:process_DSP	16	static
../Core/Src/main.c:91:5:main	16	static
../Core/Src/main.c:142:6:SystemClock_Config	96	static
../Core/Src/main.c:192:13:MX_ADC1_Init	48	static
../Core/Src/main.c:259:13:MX_DAC1_Init	48	static
../Core/Src/main.c:302:13:MX_TIM2_Init	40	static
../Core/Src/main.c:347:13:MX_USART2_UART_Init	8	static
../Core/Src/main.c:380:13:MX_DMA_Init	16	static
../Core/Src/main.c:402:13:MX_GPIO_Init	48	static
../Core/Src/main.c:436:6:HAL_ADC_ConvHalfCpltCallback	16	static
../Core/Src/main.c:444:6:HAL_ADC_ConvCpltCallback	16	static
../Core/Src/main.c:453:6:HAL_DAC_ConvHalfCpltCallbackCh1	16	static
../Core/Src/main.c:458:6:HAL_DAC_ConvCpltCallbackCh1	16	static
../Core/Src/main.c:469:6:Error_Handler	4	static,ignoring_inline_asm
