../Core/Src/main.c:75:6:process_DSP	16	static
../Core/Src/main.c:93:5:main	16	static
../Core/Src/main.c:144:6:SystemClock_Config	96	static
../Core/Src/main.c:194:13:MX_ADC1_Init	48	static
../Core/Src/main.c:261:13:MX_DAC1_Init	48	static
../Core/Src/main.c:304:13:MX_TIM2_Init	40	static
../Core/Src/main.c:349:13:MX_USART2_UART_Init	8	static
../Core/Src/main.c:382:13:MX_DMA_Init	16	static
../Core/Src/main.c:404:13:MX_GPIO_Init	48	static
../Core/Src/main.c:438:6:HAL_ADC_ConvHalfCpltCallback	16	static
../Core/Src/main.c:446:6:HAL_ADC_ConvCpltCallback	16	static
../Core/Src/main.c:455:6:HAL_DAC_ConvHalfCpltCallbackCh1	16	static
../Core/Src/main.c:460:6:HAL_DAC_ConvCpltCallbackCh1	16	static
../Core/Src/main.c:471:6:Error_Handler	4	static,ignoring_inline_asm
